ESP32-S3 Layer 7 standard Bluetooth Mesh one-board workflow
PROJECT_DIR=/Users/kafka/Documents/Notion/esp-ble/layers/layer-7
ERASE_FLASH=no

[2026-08-27 16:25:10 KST] STAGE=toolchain_check
Checking "python3" ...
Python 3.14.7
"python3" has been detected
Activating ESP-IDF 5.5
Setting IDF_PATH to '/Users/kafka/esp/esp-idf-v5.5.5'.
* Checking python version ... 3.14.7
* Checking python dependencies ... OK
* Deactivating the current ESP-IDF environment (if any) ... OK
* Establishing a new ESP-IDF environment ... OK
* Identifying shell ... bash
* Detecting outdated tools in system ... OK - no outdated tools found
* Shell completion ... Autocompletion code generated
WARNING: Failed to load shell autocompletion for bash version: 3.2.57(1)-release!

Done! You can now compile ESP-IDF projects.
Go to the project directory and run:

  idf.py build
ESP-IDF v5.5.5

[2026-08-27 16:25:13 KST] STAGE=serial_device_detection
Detected USB serial ports:
  /dev/cu.usbmodem1101
SELECTED_PORT=/dev/cu.usbmodem1101

[2026-08-27 16:25:13 KST] STAGE=chip_profile
esptool.py v4.12.0
Serial port /dev/cu.usbmodem1101
Connecting...
Chip is ESP32-S3 (QFN56) (revision v0.2)
Features: WiFi, BLE, Embedded PSRAM 8MB (AP_3v3)
Crystal is 40MHz
USB mode: USB-Serial/JTAG
MAC: 14:c1:9f:ce:f0:d4
Enabling default SPI flash mode...
Warning: ESP32-S3 has no Chip ID. Reading MAC instead.
MAC: 14:c1:9f:ce:f0:d4
Hard resetting via RTS pin...
esptool.py v4.12.0
Serial port /dev/cu.usbmodem1101
Connecting....
Chip is ESP32-S3 (QFN56) (revision v0.2)
Features: WiFi, BLE, Embedded PSRAM 8MB (AP_3v3)
Crystal is 40MHz
USB mode: USB-Serial/JTAG
MAC: 14:c1:9f:ce:f0:d4
Enabling default SPI flash mode...
Manufacturer: 68
Device: 4018
Detected flash size: 16MB
Flash type set in eFuse: quad (4 data lines)
Flash voltage set by eFuse to 3.3V
Hard resetting via RTS pin...

[2026-08-27 16:25:14 KST] STAGE=build
Executing action: all (aliases: build)
Running ninja in directory /Users/kafka/Documents/Notion/esp-ble/layers/layer-7/build
Executing "ninja all"...
[1/4] cd /Users/kafka/Documents/Notion/esp-ble/layers/layer-7/build/esp-idf/esptool_py && /Users/kafka/.espressif/python_env/idf5.5_py3.14_env/bin/python /Users/kafka/esp/esp-idf-v5.5.5/components/partition_table/check_sizes.py --offset 0x8000 partition --type app /Users/kafka/Documents/Notion/esp-ble/layers/layer-7/build/partition_table/partition-table.bin /Users/kafka/Documents/Notion/esp-ble/layers/layer-7/build/esp32s3_layer_7.bin
esp32s3_layer_7.bin binary size 0xdc360 bytes. Smallest app partition is 0x177000 bytes. 0x9aca0 bytes (41%) free.
[2/4] Performing build step for 'bootloader'
[1/1] cd /Users/kafka/Documents/Notion/esp-ble/layers/layer-7/build/bootloader/esp-idf/esptool_py && /Users/kafka/.espressif/python_env/idf5.5_py3.14_env/bin/python /Users/kafka/esp/esp-idf-v5.5.5/components/partition_table/check_sizes.py --offset 0x8000 bootloader 0x0 /Users/kafka/Documents/Notion/esp-ble/layers/layer-7/build/bootloader/bootloader.bin
Bootloader binary size 0x5160 bytes. 0x2ea0 bytes (36%) free.
[3/4] No install step for 'bootloader'
[4/4] Completed 'bootloader'

Project build complete. To flash, run:
 idf.py flash
or
 idf.py -p PORT flash
or
 python -m esptool --chip esp32s3 -b 460800 --before default_reset --after hard_reset write_flash --flash_mode dio --flash_size 16MB --flash_freq 80m 0x0 build/bootloader/bootloader.bin 0x8000 build/partition_table/partition-table.bin 0x10000 build/esp32s3_layer_7.bin
or from the "/Users/kafka/Documents/Notion/esp-ble/layers/layer-7/build" directory
 python -m esptool --chip esp32s3 -b 460800 --before default_reset --after hard_reset write_flash "@flash_args"
BUILD_ARTIFACT=build/bootloader/bootloader.bin
BUILD_ARTIFACT=build/partition_table/partition-table.bin
BUILD_ARTIFACT=build/esp32s3_layer_7.bin

[2026-08-27 16:25:14 KST] STAGE=flash
Executing action: flash
Running ninja in directory /Users/kafka/Documents/Notion/esp-ble/layers/layer-7/build
Executing "ninja flash"...
[1/5] cd /Users/kafka/Documents/Notion/esp-ble/layers/layer-7/build/esp-idf/esptool_py && /Users/kafka/.espressif/python_env/idf5.5_py3.14_env/bin/python /Users/kafka/esp/esp-idf-v5.5.5/components/partition_table/check_sizes.py --offset 0x8000 partition --type app /Users/kafka/Documents/Notion/esp-ble/layers/layer-7/build/partition_table/partition-table.bin /Users/kafka/Documents/Notion/esp-ble/layers/layer-7/build/esp32s3_layer_7.bin
esp32s3_layer_7.bin binary size 0xdc360 bytes. Smallest app partition is 0x177000 bytes. 0x9aca0 bytes (41%) free.
[2/5] Performing build step for 'bootloader'
[1/1] cd /Users/kafka/Documents/Notion/esp-ble/layers/layer-7/build/bootloader/esp-idf/esptool_py && /Users/kafka/.espressif/python_env/idf5.5_py3.14_env/bin/python /Users/kafka/esp/esp-idf-v5.5.5/components/partition_table/check_sizes.py --offset 0x8000 bootloader 0x0 /Users/kafka/Documents/Notion/esp-ble/layers/layer-7/build/bootloader/bootloader.bin
Bootloader binary size 0x5160 bytes. 0x2ea0 bytes (36%) free.
[3/5] No install step for 'bootloader'
[4/5] Completed 'bootloader'
[4/5] cd /Users/kafka/esp/esp-idf-v5.5.5/components/esptool_py && /opt/homebrew/bin/cmake -D IDF_PATH=/Users/kafka/esp/esp-idf-v5.5.5 -D "SERIAL_TOOL=/Users/kafka/.espressif/python_env/idf5.5_py3.14_env/bin/python;;/Users/kafka/esp/esp-idf-v5.5.5/components/esptool_py/esptool/esptool.py;--chip;esp32s3" -D "SERIAL_TOOL_ARGS=--before=default_reset;--after=hard_reset;write_flash;@flash_args" -D WORKING_DIRECTORY=/Users/kafka/Documents/Notion/esp-ble/layers/layer-7/build -P /Users/kafka/esp/esp-idf-v5.5.5/components/esptool_py/run_serial_tool.cmake
esptool.py --chip esp32s3 -p /dev/cu.usbmodem1101 -b 460800 --before=default_reset --after=hard_reset write_flash --flash_mode dio --flash_freq 80m --flash_size 16MB 0x0 bootloader/bootloader.bin 0x10000 esp32s3_layer_7.bin 0x8000 partition_table/partition-table.bin
esptool.py v4.12.0
Serial port /dev/cu.usbmodem1101
Connecting...
Chip is ESP32-S3 (QFN56) (revision v0.2)
Features: WiFi, BLE, Embedded PSRAM 8MB (AP_3v3)
Crystal is 40MHz
USB mode: USB-Serial/JTAG
MAC: 14:c1:9f:ce:f0:d4
Uploading stub...
Running stub...
Stub running...
Changing baud rate to 460800
Changed.
Configuring flash size...
Flash will be erased from 0x00000000 to 0x00005fff...
Flash will be erased from 0x00010000 to 0x000ecfff...
Flash will be erased from 0x00008000 to 0x00008fff...
SHA digest in image updated
Compressed 20832 bytes to 13352...
Writing at 0x00000000... (100 %)
Wrote 20832 bytes (13352 compressed) at 0x00000000 in 0.2 seconds (effective 783.2 kbit/s)...
Hash of data verified.
Compressed 901984 bytes to 515553...
Writing at 0x00010000... (3 %)
Writing at 0x0001d474... (6 %)
Writing at 0x0002cf9e... (9 %)
Writing at 0x00038c4d... (12 %)
Writing at 0x00042c31... (15 %)
Writing at 0x00048e1a... (18 %)
Writing at 0x0004f360... (21 %)
Writing at 0x0005514e... (25 %)
Writing at 0x0005ae68... (28 %)
Writing at 0x00060d19... (31 %)
Writing at 0x000672db... (34 %)
Writing at 0x0006d776... (37 %)
Writing at 0x00073b27... (40 %)
Writing at 0x00079cbd... (43 %)
Writing at 0x00080361... (46 %)
Writing at 0x00086939... (50 %)
Writing at 0x0008c82a... (53 %)
Writing at 0x00092cb3... (56 %)
Writing at 0x00098dcd... (59 %)
Writing at 0x0009ed7a... (62 %)
Writing at 0x000a5034... (65 %)
Writing at 0x000aac33... (68 %)
Writing at 0x000b0389... (71 %)
Writing at 0x000b5f36... (75 %)
Writing at 0x000bbb9e... (78 %)
Writing at 0x000c1656... (81 %)
Writing at 0x000c7fbf... (84 %)
Writing at 0x000cffaf... (87 %)
Writing at 0x000d76d0... (90 %)
Writing at 0x000dd43f... (93 %)
Writing at 0x000e2c74... (96 %)
Writing at 0x000e908f... (100 %)
Wrote 901984 bytes (515553 compressed) at 0x00010000 in 5.0 seconds (effective 1435.8 kbit/s)...
Hash of data verified.
Compressed 3072 bytes to 105...
Writing at 0x00008000... (100 %)
Wrote 3072 bytes (105 compressed) at 0x00008000 in 0.0 seconds (effective 752.1 kbit/s)...
Hash of data verified.

Leaving...
Hard resetting via RTS pin...
Done

[2026-08-27 16:25:23 KST] STAGE=runtime_verification
[SERIAL] ESP-ROM:esp32s3-20210327
[SERIAL] Build:Mar 27 2021
[SERIAL] rst:0x15 (USB_UART_CHIP_RESET),boot:0x0 (DOWNLOAD(USB/UART0))
[SERIAL] Saved PC:0x40041a76
[SERIAL] waiting for download
LOCAL_RUNTIME_MARKERS=FAIL
MISSING_MARKERS=active,boot,identity,mesh,status

RESULT=FAIL
STAGE=runtime_verification
EXIT_CODE=1
PORT=/dev/cu.usbmodem1101
LOG_FILE=/Users/kafka/Documents/Notion/esp-ble/layers/layer-7/logs/esp32s3-layer-7-standard-mesh-20260827T162510-KST.log
