-- The C compiler identification is GNU 15.3.1
-- The CXX compiler identification is GNU 15.3.1
-- Detecting C compiler ABI info
-- Detecting C compiler ABI info - done
-- Check for working C compiler: /opt/homebrew/bin/arm-none-eabi-gcc - skipped
-- Detecting C compile features
-- Detecting C compile features - done
-- Detecting CXX compiler ABI info
-- Detecting CXX compiler ABI info - done
-- Check for working CXX compiler: /opt/homebrew/bin/arm-none-eabi-g++ - skipped
-- Detecting CXX compile features
-- Detecting CXX compile features - done
Build type: Debug
-- The ASM compiler identification is GNU
-- Found assembler: /opt/homebrew/bin/arm-none-eabi-gcc
-- Configuring done (1.3s)
-- Generating done (0.0s)
-- Build files have been written to: /Users/kafka/Documents/Notion/esp-ble/stm32-project/integration/stm32/build/bridge-check-Debug-u1-f0
[0/2] Re-checking globbed directories...
[1/45] Building ASM object CMakeFiles/bike_swarm_guard.dir/startup_stm32f411xe.s.obj
[2/45] Building C object CMakeFiles/bike_swarm_guard.dir/Core/Src/sysmem.c.obj
[3/45] Building C object CMakeFiles/bike_swarm_guard.dir/MyApp/audio/speed_down_request_audio.c.obj
[4/45] Building C object CMakeFiles/bike_swarm_guard.dir/Core/Src/syscalls.c.obj
[5/45] Building C object CMakeFiles/bike_swarm_guard.dir/MyApp/audio/cheer_up_audio.c.obj
[6/45] Building C object CMakeFiles/bike_swarm_guard.dir/MyApp/audio/stop_request_audio.c.obj
[7/45] Building C object CMakeFiles/bike_swarm_guard.dir/MyApp/audio/speed_up_request_audio.c.obj
[8/45] Building C object CMakeFiles/bike_swarm_guard.dir/MyApp/audio/rear_warning_audio.c.obj
[9/45] Building C object CMakeFiles/bike_swarm_guard.dir/MyApp/hw/buzzer.c.obj
[10/45] Building C object CMakeFiles/bike_swarm_guard.dir/Core/Src/stm32f4xx_it.c.obj
[11/45] Building C object CMakeFiles/bike_swarm_guard.dir/MyApp/ap/app.c.obj
[12/45] Building C object CMakeFiles/bike_swarm_guard.dir/MyApp/hw/ultrasonic.c.obj
[13/45] Building C object CMakeFiles/bike_swarm_guard.dir/MyApp/hw/rgb_led.c.obj
[14/45] Building C object CMakeFiles/bike_swarm_guard.dir/MyApp/service/safety_detector.c.obj
[15/45] Building C object CMakeFiles/bike_swarm_guard.dir/Core/Src/stm32f4xx_hal_msp.c.obj
[16/45] Building C object CMakeFiles/bike_swarm_guard.dir/MyApp/hw/button.c.obj
[17/45] Building C object CMakeFiles/bike_swarm_guard.dir/Core/Src/main.c.obj
[18/45] Building C object CMakeFiles/bike_swarm_guard.dir/MyApp/hw/vs1003b.c.obj
[19/45] Building C object CMakeFiles/bike_swarm_guard.dir/MyApp/hw/mpu6050.c.obj
[20/45] Building C object cmake/stm32cubemx/CMakeFiles/STM32_Drivers.dir/__/__/Core/Src/system_stm32f4xx.c.obj
[21/45] Building C object CMakeFiles/bike_swarm_guard.dir/MyApp/service/alert.c.obj
[22/45] Building C object CMakeFiles/bike_swarm_guard.dir/MyApp/service/message_router.c.obj
[23/45] Building C object CMakeFiles/bike_swarm_guard.dir/MyApp/service/audio_service.c.obj
[24/45] Building C object cmake/stm32cubemx/CMakeFiles/STM32_Drivers.dir/__/__/Drivers/STM32F4xx_HAL_Driver/Src/stm32f4xx_hal_rcc.c.obj
[25/45] Building C object CMakeFiles/bike_swarm_guard.dir/MyApp/service/message_service.c.obj
[26/45] Building C object cmake/stm32cubemx/CMakeFiles/STM32_Drivers.dir/__/__/Drivers/STM32F4xx_HAL_Driver/Src/stm32f4xx_hal_i2c_ex.c.obj
[27/45] Building C object CMakeFiles/bike_swarm_guard.dir/MyApp/service/safety_service.c.obj
[28/45] Building C object cmake/stm32cubemx/CMakeFiles/STM32_Drivers.dir/__/__/Drivers/STM32F4xx_HAL_Driver/Src/stm32f4xx_hal_flash_ramfunc.c.obj
[29/45] Building C object CMakeFiles/bike_swarm_guard.dir/MyApp/service/uart_service.c.obj
[30/45] Building C object cmake/stm32cubemx/CMakeFiles/STM32_Drivers.dir/__/__/Drivers/STM32F4xx_HAL_Driver/Src/stm32f4xx_hal_rcc_ex.c.obj
[31/45] Building C object cmake/stm32cubemx/CMakeFiles/STM32_Drivers.dir/__/__/Drivers/STM32F4xx_HAL_Driver/Src/stm32f4xx_hal_gpio.c.obj
[32/45] Building C object cmake/stm32cubemx/CMakeFiles/STM32_Drivers.dir/__/__/Drivers/STM32F4xx_HAL_Driver/Src/stm32f4xx_hal_flash.c.obj
[33/45] Building C object cmake/stm32cubemx/CMakeFiles/STM32_Drivers.dir/__/__/Drivers/STM32F4xx_HAL_Driver/Src/stm32f4xx_hal_pwr.c.obj
[34/45] Building C object cmake/stm32cubemx/CMakeFiles/STM32_Drivers.dir/__/__/Drivers/STM32F4xx_HAL_Driver/Src/stm32f4xx_hal_dma_ex.c.obj
[35/45] Building C object cmake/stm32cubemx/CMakeFiles/STM32_Drivers.dir/__/__/Drivers/STM32F4xx_HAL_Driver/Src/stm32f4xx_hal_flash_ex.c.obj
[36/45] Building C object cmake/stm32cubemx/CMakeFiles/STM32_Drivers.dir/__/__/Drivers/STM32F4xx_HAL_Driver/Src/stm32f4xx_hal_pwr_ex.c.obj
[37/45] Building C object cmake/stm32cubemx/CMakeFiles/STM32_Drivers.dir/__/__/Drivers/STM32F4xx_HAL_Driver/Src/stm32f4xx_hal_dma.c.obj
[38/45] Building C object cmake/stm32cubemx/CMakeFiles/STM32_Drivers.dir/__/__/Drivers/STM32F4xx_HAL_Driver/Src/stm32f4xx_hal.c.obj
[39/45] Building C object cmake/stm32cubemx/CMakeFiles/STM32_Drivers.dir/__/__/Drivers/STM32F4xx_HAL_Driver/Src/stm32f4xx_hal_exti.c.obj
[40/45] Building C object cmake/stm32cubemx/CMakeFiles/STM32_Drivers.dir/__/__/Drivers/STM32F4xx_HAL_Driver/Src/stm32f4xx_hal_cortex.c.obj
[41/45] Building C object cmake/stm32cubemx/CMakeFiles/STM32_Drivers.dir/__/__/Drivers/STM32F4xx_HAL_Driver/Src/stm32f4xx_hal_i2c.c.obj
[42/45] Building C object cmake/stm32cubemx/CMakeFiles/STM32_Drivers.dir/__/__/Drivers/STM32F4xx_HAL_Driver/Src/stm32f4xx_hal_spi.c.obj
[43/45] Building C object cmake/stm32cubemx/CMakeFiles/STM32_Drivers.dir/__/__/Drivers/STM32F4xx_HAL_Driver/Src/stm32f4xx_hal_uart.c.obj
[44/45] Linking C executable bike_swarm_guard.elf
Memory region         Used Size  Region Size  %age Used
             RAM:        2216 B       128 KB      1.69%
           FLASH:      120612 B       512 KB     23.00%
