ESP32-S3 Layer 5 two-board packet-node workflow
PROJECT_DIR=/Users/kafka/Documents/Notion/esp-ble/layers/layer-5
RUN_TIMESTAMP=20260827T150742-KST

[2026-08-27 15:07:42 KST] STAGE=toolchain_check
IDF_INSTALL_DIR=/Users/kafka/esp/esp-idf-v5.5.5
Checking "python3" ...
Python 3.14.7
"python3" has been detected
Activating ESP-IDF 5.5
Setting IDF_PATH to '/Users/kafka/esp/esp-idf-v5.5.5'.
* Checking python version ... 3.14.7
* Checking python dependencies ... OK
* Deactivating the current ESP-IDF environment (if any) ... OK
* Establishing a new ESP-IDF environment ... OK
* Identifying shell ... bash
* Detecting outdated tools in system ... OK - no outdated tools found
* Shell completion ... Autocompletion code generated
WARNING: Failed to load shell autocompletion for bash version: 3.2.57(1)-release!

Done! You can now compile ESP-IDF projects.
Go to the project directory and run:

  idf.py build
ESP-IDF v5.5.5
esptool.py v4.12.0
4.12.0
pyserial=3.5

[2026-08-27 15:07:44 KST] STAGE=serial_pair_detection
Detected USB serial ports:
  /dev/cu.usbmodem1101
  /dev/cu.usbmodem1401
SELECTED_PORT_A=/dev/cu.usbmodem1101
SELECTED_PORT_B=/dev/cu.usbmodem1401

[2026-08-27 15:07:44 KST] STAGE=pair_chip_profile

PROFILE_BOARD_A port=/dev/cu.usbmodem1101
esptool.py v4.12.0
Serial port /dev/cu.usbmodem1101
Connecting...
Chip is ESP32-S3 (QFN56) (revision v0.2)
Features: WiFi, BLE, Embedded PSRAM 8MB (AP_3v3)
Crystal is 40MHz
USB mode: USB-Serial/JTAG
MAC: 14:c1:9f:ce:ec:74
Enabling default SPI flash mode...
Warning: ESP32-S3 has no Chip ID. Reading MAC instead.
MAC: 14:c1:9f:ce:ec:74
Hard resetting via RTS pin...
esptool.py v4.12.0
Serial port /dev/cu.usbmodem1101
Connecting...
Chip is ESP32-S3 (QFN56) (revision v0.2)
Features: WiFi, BLE, Embedded PSRAM 8MB (AP_3v3)
Crystal is 40MHz
USB mode: USB-Serial/JTAG
MAC: 14:c1:9f:ce:ec:74
Enabling default SPI flash mode...
Manufacturer: 68
Device: 4018
Detected flash size: 16MB
Flash type set in eFuse: quad (4 data lines)
Flash voltage set by eFuse to 3.3V
Hard resetting via RTS pin...

PROFILE_BOARD_B port=/dev/cu.usbmodem1401
esptool.py v4.12.0
Serial port /dev/cu.usbmodem1401
Connecting...
Chip is ESP32-S3 (QFN56) (revision v0.2)
Features: WiFi, BLE, Embedded PSRAM 8MB (AP_3v3)
Crystal is 40MHz
USB mode: USB-Serial/JTAG
MAC: 44:1b:f6:ff:ba:b4
Enabling default SPI flash mode...
Warning: ESP32-S3 has no Chip ID. Reading MAC instead.
MAC: 44:1b:f6:ff:ba:b4
Hard resetting via RTS pin...
esptool.py v4.12.0
Serial port /dev/cu.usbmodem1401
Connecting...
Chip is ESP32-S3 (QFN56) (revision v0.2)
Features: WiFi, BLE, Embedded PSRAM 8MB (AP_3v3)
Crystal is 40MHz
USB mode: USB-Serial/JTAG
MAC: 44:1b:f6:ff:ba:b4
Enabling default SPI flash mode...
Manufacturer: 68
Device: 4018
Detected flash size: 16MB
Flash type set in eFuse: quad (4 data lines)
Flash voltage set by eFuse to 3.3V
Hard resetting via RTS pin...

[2026-08-27 15:07:47 KST] STAGE=target_configuration
Existing sdkconfig target is already esp32s3.

[2026-08-27 15:07:47 KST] STAGE=build_once
Executing action: all (aliases: build)
Running ninja in directory /Users/kafka/Documents/Notion/esp-ble/layers/layer-5/build
Executing "ninja all"...
[1/4] cd /Users/kafka/Documents/Notion/esp-ble/layers/layer-5/build/esp-idf/esptool_py && /Users/kafka/.espressif/python_env/idf5.5_py3.14_env/bin/python /Users/kafka/esp/esp-idf-v5.5.5/components/partition_table/check_sizes.py --offset 0x8000 partition --type app /Users/kafka/Documents/Notion/esp-ble/layers/layer-5/build/partition_table/partition-table.bin /Users/kafka/Documents/Notion/esp-ble/layers/layer-5/build/esp32s3_layer_5.bin
esp32s3_layer_5.bin binary size 0x87820 bytes. Smallest app partition is 0x177000 bytes. 0xef7e0 bytes (64%) free.
[2/4] Performing build step for 'bootloader'
[1/1] cd /Users/kafka/Documents/Notion/esp-ble/layers/layer-5/build/bootloader/esp-idf/esptool_py && /Users/kafka/.espressif/python_env/idf5.5_py3.14_env/bin/python /Users/kafka/esp/esp-idf-v5.5.5/components/partition_table/check_sizes.py --offset 0x8000 bootloader 0x0 /Users/kafka/Documents/Notion/esp-ble/layers/layer-5/build/bootloader/bootloader.bin
Bootloader binary size 0x5160 bytes. 0x2ea0 bytes (36%) free.
[3/4] No install step for 'bootloader'
[4/4] Completed 'bootloader'

Project build complete. To flash, run:
 idf.py flash
or
 idf.py -p PORT flash
or
 python -m esptool --chip esp32s3 -b 460800 --before default_reset --after hard_reset write_flash --flash_mode dio --flash_size 16MB --flash_freq 80m 0x0 build/bootloader/bootloader.bin 0x8000 build/partition_table/partition-table.bin 0x10000 build/esp32s3_layer_5.bin
or from the "/Users/kafka/Documents/Notion/esp-ble/layers/layer-5/build" directory
 python -m esptool --chip esp32s3 -b 460800 --before default_reset --after hard_reset write_flash "@flash_args"
BUILD_ARTIFACT=build/bootloader/bootloader.bin
BUILD_ARTIFACT=build/partition_table/partition-table.bin
BUILD_ARTIFACT=build/esp32s3_layer_5.bin

[2026-08-27 15:07:47 KST] STAGE=flash_board_a
Executing action: flash
Running ninja in directory /Users/kafka/Documents/Notion/esp-ble/layers/layer-5/build
Executing "ninja flash"...
[1/5] cd /Users/kafka/Documents/Notion/esp-ble/layers/layer-5/build/esp-idf/esptool_py && /Users/kafka/.espressif/python_env/idf5.5_py3.14_env/bin/python /Users/kafka/esp/esp-idf-v5.5.5/components/partition_table/check_sizes.py --offset 0x8000 partition --type app /Users/kafka/Documents/Notion/esp-ble/layers/layer-5/build/partition_table/partition-table.bin /Users/kafka/Documents/Notion/esp-ble/layers/layer-5/build/esp32s3_layer_5.bin
esp32s3_layer_5.bin binary size 0x87820 bytes. Smallest app partition is 0x177000 bytes. 0xef7e0 bytes (64%) free.
[2/5] Performing build step for 'bootloader'
[1/1] cd /Users/kafka/Documents/Notion/esp-ble/layers/layer-5/build/bootloader/esp-idf/esptool_py && /Users/kafka/.espressif/python_env/idf5.5_py3.14_env/bin/python /Users/kafka/esp/esp-idf-v5.5.5/components/partition_table/check_sizes.py --offset 0x8000 bootloader 0x0 /Users/kafka/Documents/Notion/esp-ble/layers/layer-5/build/bootloader/bootloader.bin
Bootloader binary size 0x5160 bytes. 0x2ea0 bytes (36%) free.
[3/5] No install step for 'bootloader'
[4/5] Completed 'bootloader'
[4/5] cd /Users/kafka/esp/esp-idf-v5.5.5/components/esptool_py && /opt/homebrew/bin/cmake -D IDF_PATH=/Users/kafka/esp/esp-idf-v5.5.5 -D "SERIAL_TOOL=/Users/kafka/.espressif/python_env/idf5.5_py3.14_env/bin/python;;/Users/kafka/esp/esp-idf-v5.5.5/components/esptool_py/esptool/esptool.py;--chip;esp32s3" -D "SERIAL_TOOL_ARGS=--before=default_reset;--after=hard_reset;write_flash;@flash_args" -D WORKING_DIRECTORY=/Users/kafka/Documents/Notion/esp-ble/layers/layer-5/build -P /Users/kafka/esp/esp-idf-v5.5.5/components/esptool_py/run_serial_tool.cmake
esptool.py --chip esp32s3 -p /dev/cu.usbmodem1101 -b 460800 --before=default_reset --after=hard_reset write_flash --flash_mode dio --flash_freq 80m --flash_size 16MB 0x0 bootloader/bootloader.bin 0x10000 esp32s3_layer_5.bin 0x8000 partition_table/partition-table.bin
esptool.py v4.12.0
Serial port /dev/cu.usbmodem1101
Connecting...
Chip is ESP32-S3 (QFN56) (revision v0.2)
Features: WiFi, BLE, Embedded PSRAM 8MB (AP_3v3)
Crystal is 40MHz
USB mode: USB-Serial/JTAG
MAC: 14:c1:9f:ce:ec:74
Uploading stub...
Running stub...
Stub running...
Changing baud rate to 460800
Changed.
Configuring flash size...
Flash will be erased from 0x00000000 to 0x00005fff...
Flash will be erased from 0x00010000 to 0x00097fff...
Flash will be erased from 0x00008000 to 0x00008fff...
SHA digest in image updated
Compressed 20832 bytes to 13353...
Writing at 0x00000000... (100 %)
Wrote 20832 bytes (13353 compressed) at 0x00000000 in 0.3 seconds (effective 648.0 kbit/s)...
Hash of data verified.
Compressed 555040 bytes to 321794...
Writing at 0x00010000... (5 %)
Writing at 0x0001d631... (10 %)
Writing at 0x00028ae0... (15 %)
Writing at 0x00031f69... (20 %)
Writing at 0x000381b9... (25 %)
Writing at 0x0003e9b2... (30 %)
Writing at 0x0004467f... (35 %)
Writing at 0x0004a346... (40 %)
Writing at 0x00050468... (45 %)
Writing at 0x000564b6... (50 %)
Writing at 0x0005c66f... (55 %)
Writing at 0x00062387... (60 %)
Writing at 0x00067c79... (65 %)
Writing at 0x0006d845... (70 %)
Writing at 0x00073123... (75 %)
Writing at 0x00078c89... (80 %)
Writing at 0x00081ba5... (85 %)
Writing at 0x00087a6a... (90 %)
Writing at 0x0008d115... (95 %)
Writing at 0x00093680... (100 %)
Wrote 555040 bytes (321794 compressed) at 0x00010000 in 3.4 seconds (effective 1294.8 kbit/s)...
Hash of data verified.
Compressed 3072 bytes to 105...
Writing at 0x00008000... (100 %)
Wrote 3072 bytes (105 compressed) at 0x00008000 in 0.0 seconds (effective 734.9 kbit/s)...
Hash of data verified.

Leaving...
Hard resetting via RTS pin...
Done

[2026-08-27 15:07:53 KST] STAGE=flash_board_b
Executing action: flash
Running ninja in directory /Users/kafka/Documents/Notion/esp-ble/layers/layer-5/build
Executing "ninja flash"...
[1/5] cd /Users/kafka/Documents/Notion/esp-ble/layers/layer-5/build/esp-idf/esptool_py && /Users/kafka/.espressif/python_env/idf5.5_py3.14_env/bin/python /Users/kafka/esp/esp-idf-v5.5.5/components/partition_table/check_sizes.py --offset 0x8000 partition --type app /Users/kafka/Documents/Notion/esp-ble/layers/layer-5/build/partition_table/partition-table.bin /Users/kafka/Documents/Notion/esp-ble/layers/layer-5/build/esp32s3_layer_5.bin
esp32s3_layer_5.bin binary size 0x87820 bytes. Smallest app partition is 0x177000 bytes. 0xef7e0 bytes (64%) free.
[2/5] Performing build step for 'bootloader'
[1/1] cd /Users/kafka/Documents/Notion/esp-ble/layers/layer-5/build/bootloader/esp-idf/esptool_py && /Users/kafka/.espressif/python_env/idf5.5_py3.14_env/bin/python /Users/kafka/esp/esp-idf-v5.5.5/components/partition_table/check_sizes.py --offset 0x8000 bootloader 0x0 /Users/kafka/Documents/Notion/esp-ble/layers/layer-5/build/bootloader/bootloader.bin
Bootloader binary size 0x5160 bytes. 0x2ea0 bytes (36%) free.
[3/5] No install step for 'bootloader'
[4/5] Completed 'bootloader'
[4/5] cd /Users/kafka/esp/esp-idf-v5.5.5/components/esptool_py && /opt/homebrew/bin/cmake -D IDF_PATH=/Users/kafka/esp/esp-idf-v5.5.5 -D "SERIAL_TOOL=/Users/kafka/.espressif/python_env/idf5.5_py3.14_env/bin/python;;/Users/kafka/esp/esp-idf-v5.5.5/components/esptool_py/esptool/esptool.py;--chip;esp32s3" -D "SERIAL_TOOL_ARGS=--before=default_reset;--after=hard_reset;write_flash;@flash_args" -D WORKING_DIRECTORY=/Users/kafka/Documents/Notion/esp-ble/layers/layer-5/build -P /Users/kafka/esp/esp-idf-v5.5.5/components/esptool_py/run_serial_tool.cmake
esptool.py --chip esp32s3 -p /dev/cu.usbmodem1401 -b 460800 --before=default_reset --after=hard_reset write_flash --flash_mode dio --flash_freq 80m --flash_size 16MB 0x0 bootloader/bootloader.bin 0x10000 esp32s3_layer_5.bin 0x8000 partition_table/partition-table.bin
esptool.py v4.12.0
Serial port /dev/cu.usbmodem1401
Connecting...
Chip is ESP32-S3 (QFN56) (revision v0.2)
Features: WiFi, BLE, Embedded PSRAM 8MB (AP_3v3)
Crystal is 40MHz
USB mode: USB-Serial/JTAG
MAC: 44:1b:f6:ff:ba:b4
Uploading stub...
Running stub...
Stub running...
Changing baud rate to 460800
Changed.
Configuring flash size...
Flash will be erased from 0x00000000 to 0x00005fff...
Flash will be erased from 0x00010000 to 0x00097fff...
Flash will be erased from 0x00008000 to 0x00008fff...
SHA digest in image updated
Compressed 20832 bytes to 13353...
Writing at 0x00000000... (100 %)
Wrote 20832 bytes (13353 compressed) at 0x00000000 in 0.3 seconds (effective 637.9 kbit/s)...
Hash of data verified.
Compressed 555040 bytes to 321794...
Writing at 0x00010000... (5 %)
Writing at 0x0001d631... (10 %)
Writing at 0x00028ae0... (15 %)
Writing at 0x00031f69... (20 %)
Writing at 0x000381b9... (25 %)
Writing at 0x0003e9b2... (30 %)
Writing at 0x0004467f... (35 %)
Writing at 0x0004a346... (40 %)
Writing at 0x00050468... (45 %)
Writing at 0x000564b6... (50 %)
Writing at 0x0005c66f... (55 %)
Writing at 0x00062387... (60 %)
Writing at 0x00067c79... (65 %)
Writing at 0x0006d845... (70 %)
Writing at 0x00073123... (75 %)
Writing at 0x00078c89... (80 %)
Writing at 0x00081ba5... (85 %)
Writing at 0x00087a6a... (90 %)
Writing at 0x0008d115... (95 %)
Writing at 0x00093680... (100 %)
Wrote 555040 bytes (321794 compressed) at 0x00010000 in 3.6 seconds (effective 1242.2 kbit/s)...
Hash of data verified.
Compressed 3072 bytes to 105...
Writing at 0x00008000... (100 %)
Wrote 3072 bytes (105 compressed) at 0x00008000 in 0.0 seconds (effective 611.3 kbit/s)...
Hash of data verified.

Leaving...
Hard resetting via RTS pin...
Done

[2026-08-27 15:08:00 KST] STAGE=bidirectional_peer_verification
Waiting up to 45 seconds for both boards to report local readiness and mutual PACKET_RX_NEW...
[A] ESP-ROM:esp32s3-20210327
[B] ESP-ROM:esp32s3-20210327
[A] Build:Mar 27 2021
[B] Build:Mar 27 2021
[A] rst:0x15 (USB_UART_CHIP_RESET),boot:0x8 (SPI_FAST_FLASH_BOOT)
[B] rst:0x15 (USB_UART_CHIP_RESET),boot:0x28 (SPI_FAST_FLASH_BOOT)
[A] Saved PC:0x4037dc3a
[B] Saved PC:0x40048c29
[A] SPIWP:0xee
[B] SPIWP:0xee
[A] mode:DIO, clock div:1
[B] mode:DIO, clock div:1
[A] load:0x3fce2820,len:0x14f0
[B] load:0x3fce2820,len:0x14f0
[A] load:0x403c8700,len:0xd24
[B] load:0x403c8700,len:0xd24
[A] load:0x403cb700,len:0x2eec
[B] load:0x403cb700,len:0x2eec
[A] entry 0x403c8924
[B] entry 0x403c8924
[A] I (24) boot: ESP-IDF v5.5.5 2nd stage bootloader
[B] I (24) boot: ESP-IDF v5.5.5 2nd stage bootloader
[A] I (24) boot: compile time Aug 27 2026 15:07:23
[B] I (24) boot: compile time Aug 27 2026 15:07:23
[A] I (25) boot: Multicore bootloader
[B] I (25) boot: Multicore bootloader
[A] I (25) boot: chip revision: v0.2
[B] I (25) boot: chip revision: v0.2
[A] I (27) boot: efuse block revision: v1.4
[B] I (28) boot: efuse block revision: v1.4
[A] I (31) boot.esp32s3: Boot SPI Speed : 80MHz
[B] I (31) boot.esp32s3: Boot SPI Speed : 80MHz
[A] I (35) boot.esp32s3: SPI Mode       : DIO
[B] I (35) boot.esp32s3: SPI Mode       : DIO
[A] I (39) boot.esp32s3: SPI Flash Size : 16MB
[B] I (39) boot.esp32s3: SPI Flash Size : 16MB
[A] I (43) boot: Enabling RNG early entropy source...
[B] I (43) boot: Enabling RNG early entropy source...
[A] I (47) boot: Partition Table:
[B] I (47) boot: Partition Table:
[A] I (50) boot: ## Label            Usage          Type ST Offset   Length
[B] I (50) boot: ## Label            Usage          Type ST Offset   Length
[A] I (56) boot:  0 nvs              WiFi data        01 02 00009000 00006000
[B] I (56) boot:  0 nvs              WiFi data        01 02 00009000 00006000
[A] I (62) boot:  1 phy_init         RF data          01 01 0000f000 00001000
[B] I (63) boot:  1 phy_init         RF data          01 01 0000f000 00001000
[A] I (69) boot:  2 factory          factory app      00 00 00010000 00177000
[B] I (69) boot:  2 factory          factory app      00 00 00010000 00177000
[A] I (76) boot: End of partition table
[B] I (76) boot: End of partition table
[A] I (79) esp_image: segment 0: paddr=00010020 vaddr=3c060020 size=1a638h (108088) map
[B] I (79) esp_image: segment 0: paddr=00010020 vaddr=3c060020 size=1a638h (108088) map
[A] I (106) esp_image: segment 1: paddr=0002a660 vaddr=3fc99100 size=041d0h ( 16848) load
[B] I (106) esp_image: segment 1: paddr=0002a660 vaddr=3fc99100 size=041d0h ( 16848) load
[A] I (110) esp_image: segment 2: paddr=0002e838 vaddr=40374000 size=017e0h (  6112) load
[B] I (110) esp_image: segment 2: paddr=0002e838 vaddr=40374000 size=017e0h (  6112) load
[A] I (112) esp_image: segment 3: paddr=00030020 vaddr=42000020 size=53ec4h (343748) map
[B] I (112) esp_image: segment 3: paddr=00030020 vaddr=42000020 size=53ec4h (343748) map
[B] I (180) esp_image: segment 4: paddr=00083eec vaddr=403757e0 size=138dch ( 80092) load
[A] I (180) esp_image: segment 4: paddr=00083eec vaddr=403757e0 size=138dch ( 80092) load
[B] I (199) esp_image: segment 5: paddr=000977d0 vaddr=50000000 size=00020h (    32) load
[A] I (199) esp_image: segment 5: paddr=000977d0 vaddr=50000000 size=00020h (    32) load
[B] I (208) boot: Loaded app from partition at offset 0x10000
[A] I (207) boot: Loaded app from partition at offset 0x10000
[B] I (208) boot: Disabling RNG early entropy source...
[A] I (207) boot: Disabling RNG early entropy source...
[B] I (218) cpu_start: Multicore app
[A] I (218) cpu_start: Multicore app
[B] I (226) cpu_start: GPIO 44 and 43 are used as console UART I/O pins
[A] I (226) cpu_start: GPIO 44 and 43 are used as console UART I/O pins
[B] I (227) cpu_start: Pro cpu start user code
[A] I (227) cpu_start: Pro cpu start user code
[B] I (227) cpu_start: cpu freq: 160000000 Hz
[A] I (227) cpu_start: cpu freq: 160000000 Hz
[B] I (229) app_init: Application information:
[A] I (228) app_init: Application information:
[B] I (232) app_init: Project name:     esp32s3_layer_5
[A] I (232) app_init: Project name:     esp32s3_layer_5
[B] I (237) app_init: App version:      1
[A] I (237) app_init: App version:      1
[B] I (240) app_init: Compile time:     Aug 27 2026 15:07:10
[A] I (240) app_init: Compile time:     Aug 27 2026 15:07:10
[B] I (245) app_init: ELF file SHA256:  3815fab06...
[A] I (245) app_init: ELF file SHA256:  3815fab06...
[B] I (250) app_init: ESP-IDF:          v5.5.5
[A] I (249) app_init: ESP-IDF:          v5.5.5
[B] I (254) efuse_init: Min chip rev:     v0.0
[A] I (253) efuse_init: Min chip rev:     v0.0
[B] I (257) efuse_init: Max chip rev:     v0.99 
[A] I (257) efuse_init: Max chip rev:     v0.99 
[B] I (261) efuse_init: Chip rev:         v0.2
[A] I (261) efuse_init: Chip rev:         v0.2
[B] I (265) heap_init: Initializing. RAM available for dynamic allocation:
[A] I (265) heap_init: Initializing. RAM available for dynamic allocation:
[B] I (272) heap_init: At 3FCA0250 len 000494C0 (293 KiB): RAM
[A] I (271) heap_init: At 3FCA0250 len 000494C0 (293 KiB): RAM
[B] I (277) heap_init: At 3FCE9710 len 00005724 (21 KiB): RAM
[A] I (276) heap_init: At 3FCE9710 len 00005724 (21 KiB): RAM
[B] I (282) heap_init: At 3FCF0000 len 00008000 (32 KiB): DRAM
[A] I (282) heap_init: At 3FCF0000 len 00008000 (32 KiB): DRAM
[B] I (287) heap_init: At 600FE000 len 00001FE8 (7 KiB): RTCRAM
[A] I (287) heap_init: At 600FE000 len 00001FE8 (7 KiB): RTCRAM
[B] I (293) spi_flash: detected chip: boya
[A] I (293) spi_flash: detected chip: boya
[B] I (296) spi_flash: flash io: dio
[A] I (296) spi_flash: flash io: dio
[B] I (299) sleep_gpio: Configure to isolate all GPIO pins in sleep state
[A] I (299) sleep_gpio: Configure to isolate all GPIO pins in sleep state
[B] I (305) sleep_gpio: Enable automatic switching of GPIO sleep configuration
[A] I (305) sleep_gpio: Enable automatic switching of GPIO sleep configuration
[B] I (320) main_task: Started on CPU0
[A] I (320) main_task: Started on CPU0
[B] I (320) main_task: Calling app_main()
[A] I (320) main_task: Calling app_main()
[B] I (330) LAYER_5: [LAYER-5] BOOT_SUCCESS target=esp32s3 idf=v5.5.5
[A] I (330) LAYER_5: [LAYER-5] BOOT_SUCCESS target=esp32s3 idf=v5.5.5
[B] I (340) LAYER_5: [LAYER-5] NVS_READY
[A] I (340) LAYER_5: [LAYER-5] NVS_READY
[B] I (340) BLE_INIT: BT controller compile version [51d9dfd]
[A] I (340) BLE_INIT: BT controller compile version [51d9dfd]
[B] I (340) BLE_INIT: Using main XTAL as clock source
[A] I (340) BLE_INIT: Using main XTAL as clock source
[B] I (350) BLE_INIT: Feature Config, ADV:1, BLE_50:0, DTM:1, SCAN:1, CCA:0, SMP:1, CONNECT:1
[A] I (350) BLE_INIT: Feature Config, ADV:1, BLE_50:0, DTM:1, SCAN:1, CCA:0, SMP:1, CONNECT:1
[B] I (350) BLE_INIT: Bluetooth MAC: 44:1b:f6:ff:ba:b6
[A] I (350) BLE_INIT: Bluetooth MAC: 14:c1:9f:ce:ec:76
[B] I (360) phy_init: phy_version 712,87e8c20e,Apr 13 2026,18:51:10
[A] I (360) phy_init: phy_version 712,87e8c20e,Apr 13 2026,18:51:10
[B] I (400) LAYER_5: [LAYER-5] BLE_CONTROLLER_ENABLED
[A] I (400) LAYER_5: [LAYER-5] BLE_CONTROLLER_ENABLED
[B] I (410) LAYER_5: [LAYER-5] BLUEDROID_ENABLED
[A] I (420) LAYER_5: [LAYER-5] BLUEDROID_ENABLED
[B] I (420) LAYER_5: [LAYER-5] NODE_READY id=B6 name=ESP32-L5-B6 mac=44:1b:f6:ff:ba:b6
[A] I (420) LAYER_5: [LAYER-5] NODE_READY id=76 name=ESP32-L5-76 mac=14:c1:9f:ce:ec:76
[B] I (420) LAYER_5: [LAYER-5] SCAN_PARAMS_READY
[A] I (420) LAYER_5: [LAYER-5] SCAN_PARAMS_READY
[B] I (420) LAYER_5: [LAYER-5] SCANNING_STARTED mode=active
[A] I (420) LAYER_5: [LAYER-5] SCANNING_STARTED mode=active
[B] I (430) LAYER_5: [LAYER-5] ADV_DATA_READY name=ESP32-L5-B6
[A] I (430) LAYER_5: [LAYER-5] ADV_DATA_READY name=ESP32-L5-76
[B] I (430) LAYER_5: [LAYER-5] GATT_SERVICE_READY
[A] I (430) LAYER_5: [LAYER-5] GATT_SERVICE_READY
[B] I (440) LAYER_5: [LAYER-5] ADVERTISING_STARTED node=B6 name=ESP32-L5-B6 type=connectable
[A] I (440) LAYER_5: [LAYER-5] ADVERTISING_STARTED node=76 name=ESP32-L5-76 type=connectable
[B] I (440) LAYER_5: [LAYER-5] PACKET_TX sender=B6 seq=1 ttl=2 recipient=FF len=5 payload=HELLO crc=ok
[A] I (440) LAYER_5: [LAYER-5] PACKET_TX sender=76 seq=1 ttl=2 recipient=FF len=5 payload=HELLO crc=ok
[B] I (450) LAYER_5: [LAYER-5] GATT_SERVER_READY
[A] I (450) LAYER_5: [LAYER-5] GATT_SERVER_READY
[B] I (450) LAYER_5: [LAYER-5] DUAL_ROLE_READY node=B6 name=ESP32-L5-B6 adv=yes scan=yes
[A] I (460) LAYER_5: [LAYER-5] DUAL_ROLE_READY node=76 name=ESP32-L5-76 adv=yes scan=yes
[B] I (460) LAYER_5: [LAYER-5] PACKET_NODE_ACTIVE heartbeat=1 node=B6 gatt=yes advertising=yes scanning=yes connected=no tx_seq=1 rx_new=0 duplicates=0 queue_drops=0 last_sender=00 last_rssi=0
[A] I (470) LAYER_5: [LAYER-5] PACKET_NODE_ACTIVE heartbeat=1 node=76 gatt=yes advertising=yes scanning=yes connected=no tx_seq=1 rx_new=0 duplicates=0 queue_drops=0 last_sender=00 last_rssi=0
[B] I (480) LAYER_5: [LAYER-5] ADVERTISING_STOPPED status=0
[A] I (480) LAYER_5: [LAYER-5] ADVERTISING_STOPPED status=0
[B] I (490) LAYER_5: [LAYER-5] ADVERTISING_STARTED node=B6 name=ESP32-L5-B6 type=connectable
[A] I (490) LAYER_5: [LAYER-5] ADVERTISING_STARTED node=76 name=ESP32-L5-76 type=connectable
[B] I (490) LAYER_5: [LAYER-5] PACKET_TX sender=B6 seq=2 ttl=2 recipient=FF len=5 payload=HELLO crc=ok
[A] I (490) LAYER_5: [LAYER-5] PACKET_TX sender=76 seq=2 ttl=2 recipient=FF len=5 payload=HELLO crc=ok
[A] I (530) LAYER_5: [LAYER-5] PACKET_RX_NEW local=76 sender=B6 seq=2 ttl=2 recipient=FF len=5 payload=HELLO crc=ok rssi=-30 peer=44:1b:f6:ff:ba:b6
[B] I (840) LAYER_5: [LAYER-5] PACKET_RX_NEW local=B6 sender=76 seq=2 ttl=2 recipient=FF len=5 payload=HELLO crc=ok rssi=-32 peer=14:c1:9f:ce:ec:76
BOARD_A_NODE=76
BOARD_B_NODE=B6
BIDIRECTIONAL_PACKET_RX_NEW=yes

RESULT=PASS
STAGE=complete
PAIR_ADV_SCAN=PASS
PAIR_GATT_SERVER=PASS
PAIR_PACKET_TX=PASS
PAIR_PACKET_RX=PASS
PAIR_PACKET_CRC=PASS
PORT_A=/dev/cu.usbmodem1101
PORT_B=/dev/cu.usbmodem1401
LOG_FILE=/Users/kafka/Documents/Notion/esp-ble/layers/layer-5/logs/esp32s3-layer-5-packet-node-pair-20260827T150742-KST.log
