Excerpt: final 35 lines. Full original log SHA-256: b7c637fd8f56ed801e5d36a402eb2e04b25c55e392468e2994b376060722a943

[98/110] Building C object esp-idf/hal/CMakeFiles/__idf_hal.dir/cache_hal.c.obj
[99/110] Linking C static library esp-idf/bootloader_support/libbootloader_support.a
[100/110] Linking C static library esp-idf/esp_bootloader_format/libesp_bootloader_format.a
[101/110] Linking C static library esp-idf/spi_flash/libspi_flash.a
[102/110] Building C object esp-idf/micro-ecc/CMakeFiles/__idf_micro-ecc.dir/uECC_verify_antifault.c.obj
[103/110] Linking C static library esp-idf/micro-ecc/libmicro-ecc.a
[104/110] Linking C static library esp-idf/soc/libsoc.a
[105/110] Linking C static library esp-idf/riscv/libriscv.a
[106/110] Linking C static library esp-idf/hal/libhal.a
[107/110] Linking C static library esp-idf/main/libmain.a
[108/110] Linking C executable bootloader.elf
[109/110] Generating binary image from built executable
esptool.py v4.12.0
Creating esp32c3 image...
Merged 2 ELF sections
Successfully created esp32c3 image.
Generated /Users/kafka/Workspace_AI/nostos/code/examples/esp32c3/generic-onoff-node/build/bootloader/bootloader.bin
[110/110] cd /Users/kafka/Workspace_AI/nostos/code/examples/esp32c3/generic-onoff-node/build/bootloader/esp-idf/esptool_py && /Users/kafka/.espressif/python_env/idf5.5_py3.14_env/bin/python /Users/kafka/esp/esp-idf-v5.5.5/components/partition_table/check_sizes.py --offset 0x8000 bootloader 0x0 /Users/kafka/Workspace_AI/nostos/code/examples/esp32c3/generic-onoff-node/build/bootloader/bootloader.bin
Bootloader binary size 0x51e0 bytes. 0x2e20 bytes (36%) free.
[1160/1169] No install step for 'bootloader'
[1161/1169] Linking C static library esp-idf/bt/libbt.a
[1162/1169] Completed 'bootloader'
[1163/1169] Linking C static library esp-idf/example_init/libexample_init.a
[1164/1169] Linking C static library esp-idf/main/libmain.a
[1165/1169] Generating esp-idf/esp_system/ld/sections.ld
[1166/1169] Building C object CMakeFiles/bike_mesh_onoff_node.elf.dir/project_elf_src_esp32c3.c.obj
[1167/1169] Linking CXX executable bike_mesh_onoff_node.elf
[1168/1169] Generating binary image from built executable
esptool.py v4.12.0
Creating esp32c3 image...
Merged 2 ELF sections
Successfully created esp32c3 image.
Generated /Users/kafka/Workspace_AI/nostos/code/examples/esp32c3/generic-onoff-node/build/bike_mesh_onoff_node.bin
[1169/1169] cd /Users/kafka/Workspace_AI/nostos/code/examples/esp32c3/generic-onoff-node/build/esp-idf/esptool_py && /Users/kafka/.espressif/python_env/idf5.5_py3.14_env/bin/python /Users/kafka/esp/esp-idf-v5.5.5/components/partition_table/check_sizes.py --offset 0x8000 partition --type app /Users/kafka/Workspace_AI/nostos/code/examples/esp32c3/generic-onoff-node/build/partition_table/partition-table.bin /Users/kafka/Workspace_AI/nostos/code/examples/esp32c3/generic-onoff-node/build/bike_mesh_onoff_node.bin
bike_mesh_onoff_node.bin binary size 0xec6e0 bytes. Smallest app partition is 0x177000 bytes. 0x8a920 bytes (37%) free.
