Excerpt: final 35 lines. Full original log SHA-256: ca35f743ed865f0412816e4ddea9c4b8595640f5cfb38ef78e61ad17bee4d705

[117/123] Linking C static library esp-idf/micro-ecc/libmicro-ecc.a
[118/123] Linking C static library esp-idf/soc/libsoc.a
[119/123] Linking C static library esp-idf/xtensa/libxtensa.a
[120/123] Linking C static library esp-idf/main/libmain.a
[121/123] Linking C executable bootloader.elf
[122/123] Generating binary image from built executable
esptool.py v4.12.0
Creating esp32s3 image...
Merged 2 ELF sections
Successfully created esp32s3 image.
Generated /Users/kafka/Workspace_AI/nostos/code/firmware/esp32/build/bootloader/bootloader.bin
[123/123] cd /Users/kafka/Workspace_AI/nostos/code/firmware/esp32/build/bootloader/esp-idf/esptool_py && /Users/kafka/.espressif/python_env/idf5.5_py3.14_env/bin/python /Users/kafka/esp/esp-idf-v5.5.5/components/partition_table/check_sizes.py --offset 0x8000 bootloader 0x0 /Users/kafka/Workspace_AI/nostos/code/firmware/esp32/build/bootloader/bootloader.bin
Bootloader binary size 0x5160 bytes. 0x2ea0 bytes (36%) free.
[1485/1491] No install step for 'bootloader'
[1486/1491] Completed 'bootloader'
[1487/1491] Generating esp-idf/esp_system/ld/sections.ld
[1488/1491] Building C object CMakeFiles/nostos_esp32.elf.dir/project_elf_src_esp32s3.c.obj
[1489/1491] Linking CXX executable nostos_esp32.elf
[1490/1491] Generating binary image from built executable
esptool.py v4.12.0
Creating esp32s3 image...
Merged 2 ELF sections
Successfully created esp32s3 image.
Generated /Users/kafka/Workspace_AI/nostos/code/firmware/esp32/build/nostos_esp32.bin
[1491/1491] cd /Users/kafka/Workspace_AI/nostos/code/firmware/esp32/build/esp-idf/esptool_py && /Users/kafka/.espressif/python_env/idf5.5_py3.14_env/bin/python /Users/kafka/esp/esp-idf-v5.5.5/components/partition_table/check_sizes.py --offset 0x8000 partition --type app /Users/kafka/Workspace_AI/nostos/code/firmware/esp32/build/partition_table/partition-table.bin /Users/kafka/Workspace_AI/nostos/code/firmware/esp32/build/nostos_esp32.bin
nostos_esp32.bin binary size 0xe0610 bytes. Smallest app partition is 0x177000 bytes. 0x969f0 bytes (40%) free.

Project build complete. To flash, run:
 idf.py flash
or
 idf.py -p PORT flash
or
 python -m esptool --chip esp32s3 -b 460800 --before default_reset --after hard_reset write_flash --flash_mode dio --flash_size 16MB --flash_freq 80m 0x0 build/bootloader/bootloader.bin 0x8000 build/partition_table/partition-table.bin 0x10000 build/nostos_esp32.bin
or from the "/Users/kafka/Workspace_AI/nostos/code/firmware/esp32/build" directory
 python -m esptool --chip esp32s3 -b 460800 --before default_reset --after hard_reset write_flash "@flash_args"
