Building for debugging...
[0/7] /Users/kafka/Workspace_AI/nostos/code/apps/ios-gps-mesh/GPSCore/.build/arm64-apple-macosx/debug/GPSCorePackageTests.derived/runner.swift
[0/7] Write sources
[4/7] Write swift-version--58304C5D6DBC2206.txt
[6/11] Compiling GPSCore SequenceFence.swift
[7/11] Compiling GPSCore ShareSession.swift
[8/11] Emitting module GPSCore
[9/11] Compiling GPSCore GPSCodec.swift
[10/15] Compiling GPSCoreTests GPSCodecTests.swift
[11/15] Compiling GPSCoreTests ShareSessionTests.swift
[12/15] Compiling GPSCoreTests SequenceFenceTests.swift
[13/15] Emitting module GPSCoreTests
[14/17] Emitting module GPSCorePackageTests
[15/17] Compiling GPSCorePackageTests runner.swift
[15/17] Write Objects.LinkFileList
[16/17] Linking GPSCorePackageTests
Build complete! (14.28s)
Test Suite 'All tests' started at 2026-08-28 15:02:47.445.
Test Suite 'All tests' passed at 2026-08-28 15:02:47.452.
	 Executed 0 tests, with 0 failures (0 unexpected) in 0.000 (0.007) seconds
◇ Test run started.
↳ Testing Library Version: 1902
↳ Target Platform: arm64e-apple-macos14.0
◇ Test persistenceFailureCannotAdvanceReservation() started.
◇ Test persistsBeforeTransmissionAndSurvivesRestart() started.
◇ Test reconnectBackoffCapsAndResets() started.
◇ Test staleDisconnectedAndInvalidFixes() started.
◇ Test latestOnlyThrottleAndStop() started.
◇ Test boundariesAndInvalidFields() started.
◇ Test goldenVector() started.
✔ Test reconnectBackoffCapsAndResets() passed after 0.001 seconds.
✔ Test staleDisconnectedAndInvalidFixes() passed after 0.001 seconds.
✔ Test latestOnlyThrottleAndStop() passed after 0.001 seconds.
✔ Test goldenVector() passed after 0.001 seconds.
✔ Test persistenceFailureCannotAdvanceReservation() passed after 0.001 seconds.
✔ Test persistsBeforeTransmissionAndSurvivesRestart() passed after 0.001 seconds.
✔ Test boundariesAndInvalidFields() passed after 0.001 seconds.
✔ Test run with 7 tests in 0 suites passed after 0.001 seconds.
