Excerpt: final 35 lines. Full original log SHA-256: 67e9c1694ccc1de72b513885c999c01e8067602150744be0a70db23b6303bfe7

[108/123] Building C object esp-idf/xtensa/CMakeFiles/__idf_xtensa.dir/xt_trax.c.obj
[109/123] Building C object esp-idf/main/CMakeFiles/__idf_main.dir/bootloader_start.c.obj
[110/123] Building C object esp-idf/bootloader_support/CMakeFiles/__idf_bootloader_support.dir/src/bootloader_utility.c.obj
[111/123] Building C object esp-idf/bootloader_support/CMakeFiles/__idf_bootloader_support.dir/src/esp_image_format.c.obj
[112/123] Linking C static library esp-idf/bootloader_support/libbootloader_support.a
[113/123] Linking C static library esp-idf/esp_bootloader_format/libesp_bootloader_format.a
[114/123] Linking C static library esp-idf/spi_flash/libspi_flash.a
[115/123] Building C object esp-idf/micro-ecc/CMakeFiles/__idf_micro-ecc.dir/uECC_verify_antifault.c.obj
[116/123] Linking C static library esp-idf/hal/libhal.a
[117/123] Linking C static library esp-idf/micro-ecc/libmicro-ecc.a
[118/123] Linking C static library esp-idf/soc/libsoc.a
[119/123] Linking C static library esp-idf/xtensa/libxtensa.a
[120/123] Linking C static library esp-idf/main/libmain.a
[121/123] Linking C executable bootloader.elf
[122/123] Generating binary image from built executable
esptool.py v4.12.0
Creating esp32s3 image...
Merged 2 ELF sections
Successfully created esp32s3 image.
Generated /Users/kafka/Workspace_AI/nostos/code/layers/layer-7/build/bootloader/bootloader.bin
[123/123] cd /Users/kafka/Workspace_AI/nostos/code/layers/layer-7/build/bootloader/esp-idf/esptool_py && /Users/kafka/.espressif/python_env/idf5.5_py3.14_env/bin/python /Users/kafka/esp/esp-idf-v5.5.5/components/partition_table/check_sizes.py --offset 0x8000 bootloader 0x0 /Users/kafka/Workspace_AI/nostos/code/layers/layer-7/build/bootloader/bootloader.bin
Bootloader binary size 0x5160 bytes. 0x2ea0 bytes (36%) free.
[1482/1488] No install step for 'bootloader'
[1483/1488] Completed 'bootloader'
[1484/1488] Generating esp-idf/esp_system/ld/sections.ld
[1485/1488] Building C object CMakeFiles/esp32s3_layer_7.elf.dir/project_elf_src_esp32s3.c.obj
[1486/1488] Linking CXX executable esp32s3_layer_7.elf
[1487/1488] Generating binary image from built executable
esptool.py v4.12.0
Creating esp32s3 image...
Merged 2 ELF sections
Successfully created esp32s3 image.
Generated /Users/kafka/Workspace_AI/nostos/code/layers/layer-7/build/esp32s3_layer_7.bin
[1488/1488] cd /Users/kafka/Workspace_AI/nostos/code/layers/layer-7/build/esp-idf/esptool_py && /Users/kafka/.espressif/python_env/idf5.5_py3.14_env/bin/python /Users/kafka/esp/esp-idf-v5.5.5/components/partition_table/check_sizes.py --offset 0x8000 partition --type app /Users/kafka/Workspace_AI/nostos/code/layers/layer-7/build/partition_table/partition-table.bin /Users/kafka/Workspace_AI/nostos/code/layers/layer-7/build/esp32s3_layer_7.bin
esp32s3_layer_7.bin binary size 0xdc7b0 bytes. Smallest app partition is 0x177000 bytes. 0x9a850 bytes (41%) free.
