Excerpt: final 35 lines. Full original log SHA-256: 2f8aba19cc80486e45e343d0aa74624de4b8b1e9bc31b4943a812ec05fe1584e

[14/46] Building C object CMakeFiles/nostos_stm32.dir/MyApp/hw/buzzer.c.obj
[15/46] Building C object CMakeFiles/nostos_stm32.dir/MyApp/hw/ultrasonic.c.obj
[16/46] Building C object CMakeFiles/nostos_stm32.dir/MyApp/hw/rgb_led.c.obj
[17/46] Building C object CMakeFiles/nostos_stm32.dir/MyApp/service/audio_service.c.obj
[18/46] Building C object CMakeFiles/nostos_stm32.dir/MyApp/service/alert.c.obj
[19/46] Building C object CMakeFiles/nostos_stm32.dir/MyApp/hw/mpu6050.c.obj
[20/46] Building C object CMakeFiles/nostos_stm32.dir/MyApp/service/message_router.c.obj
[21/46] Building C object CMakeFiles/nostos_stm32.dir/MyApp/service/shared_state.c.obj
[22/46] Building C object CMakeFiles/nostos_stm32.dir/MyApp/service/safety_detector.c.obj
[23/46] Building C object CMakeFiles/nostos_stm32.dir/MyApp/service/message_service.c.obj
[24/46] Building C object CMakeFiles/nostos_stm32.dir/MyApp/hw/vs1003b.c.obj
[25/46] Building C object cmake/stm32cubemx/CMakeFiles/STM32_Drivers.dir/__/__/Core/Src/system_stm32f4xx.c.obj
[26/46] Building C object CMakeFiles/nostos_stm32.dir/MyApp/service/safety_service.c.obj
[27/46] Building C object CMakeFiles/nostos_stm32.dir/MyApp/service/uart_service.c.obj
[28/46] Building C object cmake/stm32cubemx/CMakeFiles/STM32_Drivers.dir/__/__/Drivers/STM32F4xx_HAL_Driver/Src/stm32f4xx_hal_i2c_ex.c.obj
[29/46] Building C object cmake/stm32cubemx/CMakeFiles/STM32_Drivers.dir/__/__/Drivers/STM32F4xx_HAL_Driver/Src/stm32f4xx_hal_flash_ramfunc.c.obj
[30/46] Building C object cmake/stm32cubemx/CMakeFiles/STM32_Drivers.dir/__/__/Drivers/STM32F4xx_HAL_Driver/Src/stm32f4xx_hal_flash_ex.c.obj
[31/46] Building C object cmake/stm32cubemx/CMakeFiles/STM32_Drivers.dir/__/__/Drivers/STM32F4xx_HAL_Driver/Src/stm32f4xx_hal_rcc_ex.c.obj
[32/46] Building C object cmake/stm32cubemx/CMakeFiles/STM32_Drivers.dir/__/__/Drivers/STM32F4xx_HAL_Driver/Src/stm32f4xx_hal_flash.c.obj
[33/46] Building C object cmake/stm32cubemx/CMakeFiles/STM32_Drivers.dir/__/__/Drivers/STM32F4xx_HAL_Driver/Src/stm32f4xx_hal_pwr.c.obj
[34/46] Building C object cmake/stm32cubemx/CMakeFiles/STM32_Drivers.dir/__/__/Drivers/STM32F4xx_HAL_Driver/Src/stm32f4xx_hal_pwr_ex.c.obj
[35/46] Building C object cmake/stm32cubemx/CMakeFiles/STM32_Drivers.dir/__/__/Drivers/STM32F4xx_HAL_Driver/Src/stm32f4xx_hal_gpio.c.obj
[36/46] Building C object cmake/stm32cubemx/CMakeFiles/STM32_Drivers.dir/__/__/Drivers/STM32F4xx_HAL_Driver/Src/stm32f4xx_hal_rcc.c.obj
[37/46] Building C object cmake/stm32cubemx/CMakeFiles/STM32_Drivers.dir/__/__/Drivers/STM32F4xx_HAL_Driver/Src/stm32f4xx_hal_dma_ex.c.obj
[38/46] Building C object cmake/stm32cubemx/CMakeFiles/STM32_Drivers.dir/__/__/Drivers/STM32F4xx_HAL_Driver/Src/stm32f4xx_hal_cortex.c.obj
[39/46] Building C object cmake/stm32cubemx/CMakeFiles/STM32_Drivers.dir/__/__/Drivers/STM32F4xx_HAL_Driver/Src/stm32f4xx_hal.c.obj
[40/46] Building C object cmake/stm32cubemx/CMakeFiles/STM32_Drivers.dir/__/__/Drivers/STM32F4xx_HAL_Driver/Src/stm32f4xx_hal_exti.c.obj
[41/46] Building C object cmake/stm32cubemx/CMakeFiles/STM32_Drivers.dir/__/__/Drivers/STM32F4xx_HAL_Driver/Src/stm32f4xx_hal_dma.c.obj
[42/46] Building C object cmake/stm32cubemx/CMakeFiles/STM32_Drivers.dir/__/__/Drivers/STM32F4xx_HAL_Driver/Src/stm32f4xx_hal_spi.c.obj
[43/46] Building C object cmake/stm32cubemx/CMakeFiles/STM32_Drivers.dir/__/__/Drivers/STM32F4xx_HAL_Driver/Src/stm32f4xx_hal_uart.c.obj
[44/46] Building C object cmake/stm32cubemx/CMakeFiles/STM32_Drivers.dir/__/__/Drivers/STM32F4xx_HAL_Driver/Src/stm32f4xx_hal_i2c.c.obj
[45/46] Linking C executable nostos_stm32.elf
Memory region         Used Size  Region Size  %age Used
             RAM:        2320 B       128 KB      1.77%
           FLASH:      114344 B       512 KB     21.81%
