Executing action: all (aliases: build)
Running ninja in directory /Users/kafka/Documents/Notion/esp-ble/stm32-project/integration/esp32-s3/build
Executing "ninja all"...
[1/9] Performing build step for 'bootloader'
[1/1] cd /Users/kafka/Documents/Notion/esp-ble/stm32-project/integration/esp32-s3/build/bootloader/esp-idf/esptool_py && /Users/kafka/.espressif/python_env/idf5.5_py3.14_env/bin/python /Users/kafka/esp/esp-idf-v5.5.5/components/partition_table/check_sizes.py --offset 0x8000 bootloader 0x0 /Users/kafka/Documents/Notion/esp-ble/stm32-project/integration/esp32-s3/build/bootloader/bootloader.bin
Bootloader binary size 0x5160 bytes. 0x2ea0 bytes (36%) free.
[2/9] No install step for 'bootloader'
[3/9] Completed 'bootloader'
[4/9] Building C object esp-idf/main/CMakeFiles/__idf_main.dir/bridge_runtime.c.obj
[5/9] Linking C static library esp-idf/main/libmain.a
[6/9] Generating esp-idf/esp_system/ld/sections.ld
[7/9] Linking CXX executable bsg_esp32_event_bridge.elf
[8/9] Generating binary image from built executable
esptool.py v4.12.0
Creating esp32s3 image...
Merged 2 ELF sections
Successfully created esp32s3 image.
Generated /Users/kafka/Documents/Notion/esp-ble/stm32-project/integration/esp32-s3/build/bsg_esp32_event_bridge.bin
[9/9] cd /Users/kafka/Documents/Notion/esp-ble/stm32-project/integration/esp32-s3/build/esp-idf/esptool_py && /Users/kafka/.espressif/python_env/idf5.5_py3.14_env/bin/python /Users/kafka/esp/esp-idf-v5.5.5/components/partition_table/check_sizes.py --offset 0x8000 partition --type app /Users/kafka/Documents/Notion/esp-ble/stm32-project/integration/esp32-s3/build/partition_table/partition-table.bin /Users/kafka/Documents/Notion/esp-ble/stm32-project/integration/esp32-s3/build/bsg_esp32_event_bridge.bin
bsg_esp32_event_bridge.bin binary size 0xe0610 bytes. Smallest app partition is 0x177000 bytes. 0x969f0 bytes (40%) free.

Project build complete. To flash, run:
 idf.py flash
or
 idf.py -p PORT flash
or
 python -m esptool --chip esp32s3 -b 460800 --before default_reset --after hard_reset write_flash --flash_mode dio --flash_size 16MB --flash_freq 80m 0x0 build/bootloader/bootloader.bin 0x8000 build/partition_table/partition-table.bin 0x10000 build/bsg_esp32_event_bridge.bin
or from the "/Users/kafka/Documents/Notion/esp-ble/stm32-project/integration/esp32-s3/build" directory
 python -m esptool --chip esp32s3 -b 460800 --before default_reset --after hard_reset write_flash "@flash_args"
