ESP32-S3 Layer 3 BLE Active Scanner workflow
PROJECT_DIR=/Users/kafka/Documents/Notion/esp-ble/layers/layer-3
RUN_TIMESTAMP=20260827T142229-KST
EXPECTED_PEER=ESP32-LAYER-2

[2026-08-27 14:22:29 KST] STAGE=toolchain_check
IDF_INSTALL_DIR=/Users/kafka/esp/esp-idf-v5.5.5
Checking "python3" ...
Python 3.14.7
"python3" has been detected
Activating ESP-IDF 5.5
Setting IDF_PATH to '/Users/kafka/esp/esp-idf-v5.5.5'.
* Checking python version ... 3.14.7
* Checking python dependencies ... OK
* Deactivating the current ESP-IDF environment (if any) ... OK
* Establishing a new ESP-IDF environment ... OK
* Identifying shell ... bash
* Detecting outdated tools in system ... OK - no outdated tools found
* Shell completion ... Autocompletion code generated
WARNING: Failed to load shell autocompletion for bash version: 3.2.57(1)-release!

Done! You can now compile ESP-IDF projects.
Go to the project directory and run:

  idf.py build
ESP-IDF v5.5.5
esptool.py v4.12.0
4.12.0
pyserial=3.5

[2026-08-27 14:22:31 KST] STAGE=serial_device_detection
Detected USB serial ports:
  /dev/cu.usbmodem1401
SELECTED_PORT=/dev/cu.usbmodem1401

[2026-08-27 14:22:31 KST] STAGE=usb_device_profile

USB_DEVICE=USB Hub@00100000
"idProduct" = 32917
"USB Product Name" = "USB Hub"
"idVendor" = 6790

USB_DEVICE=USB JTAG/serial debug unit@00140000
"idProduct" = 4097
"USB Product Name" = "USB JTAG_serial debug unit"
"idVendor" = 12346
"USB Serial Number" = "44:1B:F6:FF:BA:B4"

[2026-08-27 14:22:31 KST] STAGE=chip_profile
esptool.py v4.12.0
Serial port /dev/cu.usbmodem1401
Connecting...
Chip is ESP32-S3 (QFN56) (revision v0.2)
Features: WiFi, BLE, Embedded PSRAM 8MB (AP_3v3)
Crystal is 40MHz
USB mode: USB-Serial/JTAG
MAC: 44:1b:f6:ff:ba:b4
Enabling default SPI flash mode...
Warning: ESP32-S3 has no Chip ID. Reading MAC instead.
MAC: 44:1b:f6:ff:ba:b4
Hard resetting via RTS pin...
esptool.py v4.12.0
Serial port /dev/cu.usbmodem1401
Connecting...
Chip is ESP32-S3 (QFN56) (revision v0.2)
Features: WiFi, BLE, Embedded PSRAM 8MB (AP_3v3)
Crystal is 40MHz
USB mode: USB-Serial/JTAG
MAC: 44:1b:f6:ff:ba:b4
Enabling default SPI flash mode...
Manufacturer: 68
Device: 4018
Detected flash size: 16MB
Flash type set in eFuse: quad (4 data lines)
Flash voltage set by eFuse to 3.3V
Hard resetting via RTS pin...

[2026-08-27 14:22:33 KST] STAGE=target_configuration
Existing sdkconfig target is already esp32s3.

[2026-08-27 14:22:33 KST] STAGE=build
Executing action: all (aliases: build)
Running ninja in directory /Users/kafka/Documents/Notion/esp-ble/layers/layer-3/build
Executing "ninja all"...
[1/4] cd /Users/kafka/Documents/Notion/esp-ble/layers/layer-3/build/esp-idf/esptool_py && /Users/kafka/.espressif/python_env/idf5.5_py3.14_env/bin/python /Users/kafka/esp/esp-idf-v5.5.5/components/partition_table/check_sizes.py --offset 0x8000 partition --type app /Users/kafka/Documents/Notion/esp-ble/layers/layer-3/build/partition_table/partition-table.bin /Users/kafka/Documents/Notion/esp-ble/layers/layer-3/build/esp32s3_layer_3.bin
esp32s3_layer_3.bin binary size 0x77fb0 bytes. Smallest app partition is 0x177000 bytes. 0xff050 bytes (68%) free.
[2/4] Performing build step for 'bootloader'
[1/1] cd /Users/kafka/Documents/Notion/esp-ble/layers/layer-3/build/bootloader/esp-idf/esptool_py && /Users/kafka/.espressif/python_env/idf5.5_py3.14_env/bin/python /Users/kafka/esp/esp-idf-v5.5.5/components/partition_table/check_sizes.py --offset 0x8000 bootloader 0x0 /Users/kafka/Documents/Notion/esp-ble/layers/layer-3/build/bootloader/bootloader.bin
Bootloader binary size 0x5160 bytes. 0x2ea0 bytes (36%) free.
[3/4] No install step for 'bootloader'
[4/4] Completed 'bootloader'

Project build complete. To flash, run:
 idf.py flash
or
 idf.py -p PORT flash
or
 python -m esptool --chip esp32s3 -b 460800 --before default_reset --after hard_reset write_flash --flash_mode dio --flash_size 16MB --flash_freq 80m 0x0 build/bootloader/bootloader.bin 0x8000 build/partition_table/partition-table.bin 0x10000 build/esp32s3_layer_3.bin
or from the "/Users/kafka/Documents/Notion/esp-ble/layers/layer-3/build" directory
 python -m esptool --chip esp32s3 -b 460800 --before default_reset --after hard_reset write_flash "@flash_args"
BUILD_ARTIFACT=build/bootloader/bootloader.bin
BUILD_ARTIFACT=build/partition_table/partition-table.bin
BUILD_ARTIFACT=build/esp32s3_layer_3.bin

[2026-08-27 14:22:33 KST] STAGE=flash
Executing action: flash
Running ninja in directory /Users/kafka/Documents/Notion/esp-ble/layers/layer-3/build
Executing "ninja flash"...
[1/5] cd /Users/kafka/Documents/Notion/esp-ble/layers/layer-3/build/esp-idf/esptool_py && /Users/kafka/.espressif/python_env/idf5.5_py3.14_env/bin/python /Users/kafka/esp/esp-idf-v5.5.5/components/partition_table/check_sizes.py --offset 0x8000 partition --type app /Users/kafka/Documents/Notion/esp-ble/layers/layer-3/build/partition_table/partition-table.bin /Users/kafka/Documents/Notion/esp-ble/layers/layer-3/build/esp32s3_layer_3.bin
esp32s3_layer_3.bin binary size 0x77fb0 bytes. Smallest app partition is 0x177000 bytes. 0xff050 bytes (68%) free.
[2/5] Performing build step for 'bootloader'
[1/1] cd /Users/kafka/Documents/Notion/esp-ble/layers/layer-3/build/bootloader/esp-idf/esptool_py && /Users/kafka/.espressif/python_env/idf5.5_py3.14_env/bin/python /Users/kafka/esp/esp-idf-v5.5.5/components/partition_table/check_sizes.py --offset 0x8000 bootloader 0x0 /Users/kafka/Documents/Notion/esp-ble/layers/layer-3/build/bootloader/bootloader.bin
Bootloader binary size 0x5160 bytes. 0x2ea0 bytes (36%) free.
[3/5] No install step for 'bootloader'
[4/5] Completed 'bootloader'
[4/5] cd /Users/kafka/esp/esp-idf-v5.5.5/components/esptool_py && /opt/homebrew/bin/cmake -D IDF_PATH=/Users/kafka/esp/esp-idf-v5.5.5 -D "SERIAL_TOOL=/Users/kafka/.espressif/python_env/idf5.5_py3.14_env/bin/python;;/Users/kafka/esp/esp-idf-v5.5.5/components/esptool_py/esptool/esptool.py;--chip;esp32s3" -D "SERIAL_TOOL_ARGS=--before=default_reset;--after=hard_reset;write_flash;@flash_args" -D WORKING_DIRECTORY=/Users/kafka/Documents/Notion/esp-ble/layers/layer-3/build -P /Users/kafka/esp/esp-idf-v5.5.5/components/esptool_py/run_serial_tool.cmake
esptool.py --chip esp32s3 -p /dev/cu.usbmodem1401 -b 460800 --before=default_reset --after=hard_reset write_flash --flash_mode dio --flash_freq 80m --flash_size 16MB 0x0 bootloader/bootloader.bin 0x10000 esp32s3_layer_3.bin 0x8000 partition_table/partition-table.bin
esptool.py v4.12.0
Serial port /dev/cu.usbmodem1401
Connecting...
Chip is ESP32-S3 (QFN56) (revision v0.2)
Features: WiFi, BLE, Embedded PSRAM 8MB (AP_3v3)
Crystal is 40MHz
USB mode: USB-Serial/JTAG
MAC: 44:1b:f6:ff:ba:b4
Uploading stub...
Running stub...
Stub running...
Changing baud rate to 460800
Changed.
Configuring flash size...
Flash will be erased from 0x00000000 to 0x00005fff...
Flash will be erased from 0x00010000 to 0x00087fff...
Flash will be erased from 0x00008000 to 0x00008fff...
SHA digest in image updated
Compressed 20832 bytes to 13351...
Writing at 0x00000000... (100 %)
Wrote 20832 bytes (13351 compressed) at 0x00000000 in 0.3 seconds (effective 642.2 kbit/s)...
Hash of data verified.
Compressed 491440 bytes to 286395...
Writing at 0x00010000... (5 %)
Writing at 0x0001c91d... (11 %)
Writing at 0x00028538... (16 %)
Writing at 0x0002f06d... (22 %)
Writing at 0x0003500a... (27 %)
Writing at 0x0003bb38... (33 %)
Writing at 0x00041a64... (38 %)
Writing at 0x00047afe... (44 %)
Writing at 0x0004dae7... (50 %)
Writing at 0x00053b9d... (55 %)
Writing at 0x000597e5... (61 %)
Writing at 0x0005ef53... (66 %)
Writing at 0x00064b4f... (72 %)
Writing at 0x0006a75a... (77 %)
Writing at 0x00070d51... (83 %)
Writing at 0x00078f7b... (88 %)
Writing at 0x0007e80e... (94 %)
Writing at 0x00084bd6... (100 %)
Wrote 491440 bytes (286395 compressed) at 0x00010000 in 3.1 seconds (effective 1265.6 kbit/s)...
Hash of data verified.
Compressed 3072 bytes to 105...
Writing at 0x00008000... (100 %)
Wrote 3072 bytes (105 compressed) at 0x00008000 in 0.0 seconds (effective 660.5 kbit/s)...
Hash of data verified.

Leaving...
Hard resetting via RTS pin...
Done

[2026-08-27 14:22:39 KST] STAGE=target_reception_verification
Waiting up to 30 seconds for [LAYER-3] TARGET_RX from powered Board A...
[SERIAL] : App versionESP-ROM:esp32s3-20210327
[SERIAL] Build:Mar 27 2021
[SERIAL] rst:0x15 (USB_UART_CHIP_RESET),boot:0x28 (SPI_FAST_FLASH_BOOT)
[SERIAL] Saved PC:0x40048836
[SERIAL] SPIWP:0xee
[SERIAL] mode:DIO, clock div:1
[SERIAL] load:0x3fce2820,len:0x14f0
[SERIAL] load:0x403c8700,len:0xd24
[SERIAL] load:0x403cb700,len:0x2eec
[SERIAL] entry 0x403c8924
[SERIAL] I (24) boot: ESP-IDF v5.5.5 2nd stage bootloader
[SERIAL] I (24) boot: compile time Aug 27 2026 14:21:54
[SERIAL] I (25) boot: Multicore bootloader
[SERIAL] I (25) boot: chip revision: v0.2
[SERIAL] I (28) boot: efuse block revision: v1.4
[SERIAL] I (31) boot.esp32s3: Boot SPI Speed : 80MHz
[SERIAL] I (35) boot.esp32s3: SPI Mode       : DIO
[SERIAL] I (39) boot.esp32s3: SPI Flash Size : 16MB
[SERIAL] I (43) boot: Enabling RNG early entropy source...
[SERIAL] I (47) boot: Partition Table:
[SERIAL] I (50) boot: ## Label            Usage          Type ST Offset   Length
[SERIAL] I (56) boot:  0 nvs              WiFi data        01 02 00009000 00006000
[SERIAL] I (63) boot:  1 phy_init         RF data          01 01 0000f000 00001000
[SERIAL] I (69) boot:  2 factory          factory app      00 00 00010000 00177000
[SERIAL] I (76) boot: End of partition table
[SERIAL] I (79) esp_image: segment 0: paddr=00010020 vaddr=3c050020 size=16548h ( 91464) map
[SERIAL] I (103) esp_image: segment 1: paddr=00026570 vaddr=3fc99100 size=04140h ( 16704) load
[SERIAL] I (107) esp_image: segment 2: paddr=0002a6b8 vaddr=40374000 size=05960h ( 22880) load
[SERIAL] I (113) esp_image: segment 3: paddr=00030020 vaddr=42000020 size=487dch (296924) map
[SERIAL] I (169) esp_image: segment 4: paddr=00078804 vaddr=40379960 size=0f75ch ( 63324) load
[SERIAL] I (183) esp_image: segment 5: paddr=00087f68 vaddr=50000000 size=00020h (    32) load
[SERIAL] I (192) boot: Loaded app from partition at offset 0x10000
[SERIAL] I (192) boot: Disabling RNG early entropy source...
[SERIAL] I (202) cpu_start: Multicore app
[SERIAL] I (211) cpu_start: GPIO 44 and 43 are used as console UART I/O pins
[SERIAL] I (212) cpu_start: Pro cpu start user code
[SERIAL] I (212) cpu_start: cpu freq: 160000000 Hz
[SERIAL] I (213) app_init: Application information:
[SERIAL] I (217) app_init: Project name:     esp32s3_layer_3
[SERIAL] I (221) app_init: App version:      1
[SERIAL] I (225) app_init: Compile time:     Aug 27 2026 14:21:41
[SERIAL] I (230) app_init: ELF file SHA256:  ac13773cb...
[SERIAL] I (234) app_init: ESP-IDF:          v5.5.5
[SERIAL] I (238) efuse_init: Min chip rev:     v0.0
[SERIAL] I (242) efuse_init: Max chip rev:     v0.99 
[SERIAL] I (246) efuse_init: Chip rev:         v0.2
[SERIAL] I (250) heap_init: Initializing. RAM available for dynamic allocation:
[SERIAL] I (256) heap_init: At 3FC9F560 len 0004A1B0 (296 KiB): RAM
[SERIAL] I (261) heap_init: At 3FCE9710 len 00005724 (21 KiB): RAM
[SERIAL] I (266) heap_init: At 3FCF0000 len 00008000 (32 KiB): DRAM
[SERIAL] I (271) heap_init: At 600FE000 len 00001FE8 (7 KiB): RTCRAM
[SERIAL] I (278) spi_flash: detected chip: boya
[SERIAL] I (280) spi_flash: flash io: dio
[SERIAL] I (283) sleep_gpio: Configure to isolate all GPIO pins in sleep state
[SERIAL] I (290) sleep_gpio: Enable automatic switching of GPIO sleep configuration
[SERIAL] I (305) main_task: Started on CPU0
[SERIAL] I (305) main_task: Calling app_main()
[SERIAL] I (315) LAYER_3: [LAYER-3] BOOT_SUCCESS target=esp32s3 idf=v5.5.5
[SERIAL] I (325) LAYER_3: [LAYER-3] NVS_READY
[SERIAL] I (325) BLE_INIT: BT controller compile version [51d9dfd]
[SERIAL] I (325) BLE_INIT: Using main XTAL as clock source
[SERIAL] I (335) BLE_INIT: Feature Config, ADV:1, BLE_50:0, DTM:1, SCAN:1, CCA:0, SMP:1, CONNECT:1
[SERIAL] I (335) BLE_INIT: Bluetooth MAC: 44:1b:f6:ff:ba:b6
[SERIAL] I (345) phy_init: phy_version 712,87e8c20e,Apr 13 2026,18:51:10
[SERIAL] I (405) LAYER_3: [LAYER-3] BLE_CONTROLLER_ENABLED
[SERIAL] I (415) LAYER_3: [LAYER-3] BLUEDROID_ENABLED
[SERIAL] I (425) LAYER_3: [LAYER-3] SCAN_PARAMS_READY
[SERIAL] I (425) LAYER_3: [LAYER-3] SCANNING_STARTED mode=active
[SERIAL] I (425) LAYER_3: [LAYER-3] SCANNER_ACTIVE heartbeat=1 target_count=0 last_rssi=0 confirmed=no
[SERIAL] I (1075) LAYER_3: [LAYER-3] TARGET_FOUND name=ESP32-LAYER-2 rssi=-39 peer=14:c1:9f:ce:ec:76
[SERIAL] I (1075) LAYER_3: [LAYER-3] SERVICE_MATCH uuid=7A110000-6B0D-4D5A-8F4B-2C9E00000001
[SERIAL] I (1085) LAYER_3: [LAYER-3] TARGET_RX count=1 rssi=-39
TARGET_RUNTIME_MARKER_FOUND=yes

RESULT=PASS
STAGE=complete
PEER_OVER_AIR_SCAN=PASS
SCAN_TARGET_NAME=ESP32-LAYER-2
SCAN_TARGET_SERVICE=7A110000-6B0D-4D5A-8F4B-2C9E00000001
LOG_FILE=/Users/kafka/Documents/Notion/esp-ble/layers/layer-3/logs/esp32s3-layer-3-active-scanner-20260827T142229-KST.log
