[1/5] Building C object CMakeFiles/test_gps.dir/test_gps.c.o
FAILED: [code=1] CMakeFiles/test_gps.dir/test_gps.c.o 
/usr/bin/cc  -I/Users/kafka/Workspace_AI/nostos/code/examples/esp32s3/gps-mesh-node/host-tests/../main -O3 -DNDEBUG -std=gnu11 -arch arm64 -Wall -Wextra -Werror -fsanitize=address,undefined -fno-omit-frame-pointer -MD -MT CMakeFiles/test_gps.dir/test_gps.c.o -MF CMakeFiles/test_gps.dir/test_gps.c.o.d -o CMakeFiles/test_gps.dir/test_gps.c.o -c /Users/kafka/Workspace_AI/nostos/code/examples/esp32s3/gps-mesh-node/host-tests/test_gps.c
/Users/kafka/Workspace_AI/nostos/code/examples/esp32s3/gps-mesh-node/host-tests/test_gps.c:35:14: error: unused variable 'source' [-Werror,-Wunused-variable]
   35 |     uint16_t source = 99;
      |              ^~~~~~
/Users/kafka/Workspace_AI/nostos/code/examples/esp32s3/gps-mesh-node/host-tests/test_gps.c:48:18: error: unused variable 'before' [-Werror,-Wunused-variable]
   48 |     gps_packet_t before = packet;
      |                  ^~~~~~
/Users/kafka/Workspace_AI/nostos/code/examples/esp32s3/gps-mesh-node/host-tests/test_gps.c:65:18: error: unused variable 'decoded' [-Werror,-Wunused-variable]
   65 |     gps_packet_t decoded;
      |                  ^~~~~~~
/Users/kafka/Workspace_AI/nostos/code/examples/esp32s3/gps-mesh-node/host-tests/test_gps.c:78:14: error: variable 'emitted' set but not used [-Werror,-Wunused-but-set-variable]
   78 |     unsigned emitted = 0;
      |              ^
4 errors generated.
[2/5] Building C object CMakeFiles/test_gps.dir/Users/kafka/Workspace_AI/nostos/code/examples/esp32s3/gps-mesh-node/main/serial_command.c.o
[3/5] Building C object CMakeFiles/test_gps.dir/Users/kafka/Workspace_AI/nostos/code/examples/esp32s3/gps-mesh-node/main/gps_receiver.c.o
[4/5] Building C object CMakeFiles/test_gps.dir/Users/kafka/Workspace_AI/nostos/code/examples/esp32s3/gps-mesh-node/main/gps_codec.c.o
ninja: build stopped: subcommand failed.
