Excerpt: final 35 lines. Full original log SHA-256: 214dc984cb84a3e1812520c78ccd0d2745b5ec8f26f02a5bb8e80d23f1c12d67

[108/123] Building C object esp-idf/xtensa/CMakeFiles/__idf_xtensa.dir/xt_trax.c.obj
[109/123] Building C object CMakeFiles/bootloader.elf.dir/project_elf_src_esp32s3.c.obj
[110/123] Building C object esp-idf/main/CMakeFiles/__idf_main.dir/bootloader_start.c.obj
[111/123] Building C object esp-idf/bootloader_support/CMakeFiles/__idf_bootloader_support.dir/src/bootloader_utility.c.obj
[112/123] Linking C static library esp-idf/bootloader_support/libbootloader_support.a
[113/123] Linking C static library esp-idf/esp_bootloader_format/libesp_bootloader_format.a
[114/123] Linking C static library esp-idf/spi_flash/libspi_flash.a
[115/123] Building C object esp-idf/micro-ecc/CMakeFiles/__idf_micro-ecc.dir/uECC_verify_antifault.c.obj
[116/123] Linking C static library esp-idf/hal/libhal.a
[117/123] Linking C static library esp-idf/micro-ecc/libmicro-ecc.a
[118/123] Linking C static library esp-idf/soc/libsoc.a
[119/123] Linking C static library esp-idf/xtensa/libxtensa.a
[120/123] Linking C static library esp-idf/main/libmain.a
[121/123] Linking C executable bootloader.elf
[122/123] Generating binary image from built executable
esptool.py v4.12.0
Creating esp32s3 image...
Merged 2 ELF sections
Successfully created esp32s3 image.
Generated /Users/kafka/Workspace_AI/nostos/code/layers/layer-6/build/bootloader/bootloader.bin
[123/123] cd /Users/kafka/Workspace_AI/nostos/code/layers/layer-6/build/bootloader/esp-idf/esptool_py && /Users/kafka/.espressif/python_env/idf5.5_py3.14_env/bin/python /Users/kafka/esp/esp-idf-v5.5.5/components/partition_table/check_sizes.py --offset 0x8000 bootloader 0x0 /Users/kafka/Workspace_AI/nostos/code/layers/layer-6/build/bootloader/bootloader.bin
Bootloader binary size 0x5160 bytes. 0x2ea0 bytes (36%) free.
[1372/1378] No install step for 'bootloader'
[1373/1378] Completed 'bootloader'
[1374/1378] Generating esp-idf/esp_system/ld/sections.ld
[1375/1378] Building C object CMakeFiles/esp32s3_layer_6.elf.dir/project_elf_src_esp32s3.c.obj
[1376/1378] Linking CXX executable esp32s3_layer_6.elf
[1377/1378] Generating binary image from built executable
esptool.py v4.12.0
Creating esp32s3 image...
Merged 2 ELF sections
Successfully created esp32s3 image.
Generated /Users/kafka/Workspace_AI/nostos/code/layers/layer-6/build/esp32s3_layer_6.bin
[1378/1378] cd /Users/kafka/Workspace_AI/nostos/code/layers/layer-6/build/esp-idf/esptool_py && /Users/kafka/.espressif/python_env/idf5.5_py3.14_env/bin/python /Users/kafka/esp/esp-idf-v5.5.5/components/partition_table/check_sizes.py --offset 0x8000 partition --type app /Users/kafka/Workspace_AI/nostos/code/layers/layer-6/build/partition_table/partition-table.bin /Users/kafka/Workspace_AI/nostos/code/layers/layer-6/build/esp32s3_layer_6.bin
esp32s3_layer_6.bin binary size 0x87f90 bytes. Smallest app partition is 0x177000 bytes. 0xef070 bytes (64%) free.
