// Bun Snapshot v1, https://bun.sh/docs/test/snapshots

exports[`demo shows all boards, model fields, and permanent demo label 1`] = `
" NOSTOS / ESP32   DEMO · 가상 데이터                                                                
 마지막 관찰 · 0초 전                                                                               
 데모 화면입니다. USB·Console에 접속하지 않습니다.                                                  
                                                                                                    
 ╭─1 · D6───────────────╮ ┌─D6 · 설정 요약────────────────────────────────────────────────────────┐ 
 │ 0x0005               │ │                                                                      █│ 
 │ 요약 읽음            │ │ DEMO / 마지막 관찰 · 0초 전                                          █│ 
 ╰──────────────────────╯ │ 조회 결과  READ                                                       │ 
                          │ STATUS 수신 (UTC)  2026-08-28T15:00:00.000Z                           │ 
 ╭─2 · 76───────────────╮ │ USB        /dev/cu.usbmodemDEMO0                                      │ 
 │ 0x0003               │ │ 장치       ESP32-DEMO-D6                                              │ 
 │ 요약 읽음            │ │ 주소       0x0005                                                     │ 
 ╰──────────────────────╯ │                                                                       │ 
                          │ C001 · Vendor 이벤트 모델                                             │ 
 ╭─3 · B6───────────────╮ │ 발행 0xc001   구독 1                                                  │ 
 │ 0x0006               │ │ NetIdx 0x0000   AppIdx 0x0001                                         │ 
 │ 요약 읽음            │ │ TTL 7   Period 0   발행 재전송 0                                      │ 
 ╰──────────────────────╯ │ 이벤트 준비: 준비 보고 (1)                                            │ 
                          │                                                                       │ 
 같은 조회 엔진           │ C000 · Generic OnOff                                                  │ 
 esp32-scan --json        │ 송신 Client: 미준비 보고 (0)                                          │ 
                          │ OnOff 상태: 0                                                         │ 
 실시간 연결 표시 아님    │ 수신 Server의 Bind/구독: 조회 불가                                    │ 
                          │                                                                       │ 
                          │ Relay 캐시 보고: 0 · 현재 설정 확정 불가                              │ 
                          │                                                                       │ 
                          │                                                                       │ 
                          └───────────────────────────────────────────────────────────────────────┘ 
 1/2/3 보드 선택   r 새로고침   h 설정 안내   ↑↓ / PgUp·Dn 스크롤                                   
 q / Esc 종료   설정·Relay·ON/OFF 변경 없음                                                         
"
`;

exports[`small terminal hides sidebar but keeps board keys and exit usable 1`] = `
" NOSTOS / ESP32   DEMO · 가상 데이터            
 [1:D6]  2:76   3:B6                            
 데모 화면입니다. USB·Console에 접속하지        
 않습니다.                                      
 ┌─D6 · 설정 요약─────────────────────────────┐ 
 │                                           ▀│ 
 │ DEMO / 마지막 관찰 · 0초 전                │ 
 │ 조회 결과  READ                            │ 
 │ STATUS 수신 (UTC)  2026-08-28T15:00:00.    │ 
 │ 000Z                                       │ 
 │ USB        /dev/cu.usbmodemDEMO0           │ 
 │ 장치       ESP32-DEMO-D6                   │ 
 │ 주소       0x0005                          │ 
 │                                            │ 
 │ C001 · Vendor 이벤트 모델                  │ 
 └────────────────────────────────────────────┘ 
 1/2/3 보드  r 조회  h 안내                     
 ↑↓ 스크롤  q 종료                              
"
`;
